[localhost_10004/index.html]
[backblue.gif]
[fade.gif]
[index.html]
[localhost_10004/feed/index.html]
[localhost_10004/wp-json/oembed/1.0/embeda944.json]
[localhost_10004/comments/feed/index.html]
[localhost_10004/wp-json/oembed/1.0/embedaccc]
[localhost_10004/wp-content/uploads/2026/06/ClashDisplay-Regular.otf]
[localhost_10004/wp-content/uploads/2026/06/ClashDisplay-Semibold.otf]
[localhost_10004/wp-content/uploads/2026/06/ClashDisplay-Bold.otf]
[localhost_10004/wp-content/uploads/2026/06/ClashDisplay-Medium.otf]
[localhost_10004/wp-content/uploads/2026/06/ClashDisplay-Light.otf]
[localhost_10004/wp-content/themes/astra/assets/css/minified/main.min3593.css]
[localhost_10004/wp-content/cache/wpo-minify/1784242459/assets/wpo-minify-header-font-awesome-5-all1784215328.min.css]
[localhost_10004/wp-content/cache/wpo-minify/1784242459/assets/wpo-minify-header-font-awesome-4-shim1784215328.min.css]
[localhost_10004/wp-content/cache/wpo-minify/1784242459/assets/wpo-minify-header-cute-alert1783886151.min.css]
[localhost_10004/wp-content/plugins/elementor/assets/css/frontend.min31a4.css]
[localhost_10004/wp-content/plugins/elementor/assets/css/widget-heading.min31a4.css]
[localhost_10004/wp-content/plugins/elementor/assets/lib/swiper/v8/css/swiper.min94a4.css]
[localhost_10004/wp-content/plugins/elementor/assets/css/conditionals/e-swiper.min31a4.css]
[localhost_10004/wp-content/plugins/elementor/assets/css/widget-image-gallery.min31a4.css]
[localhost_10004/wp-content/plugins/elementor/assets/css/widget-spacer.min31a4.css]
[localhost_10004/wp-content/plugins/elementor/assets/css/conditionals/shapes.min31a4.css]
[localhost_10004/wp-content/plugins/elementor/assets/css/widget-icon-list.min31a4.css]
[localhost_10004/wp-content/plugins/elementor/assets/css/widget-nested-accordion.min31a4.css]
[localhost_10004/wp-content/plugins/elementor/assets/css/widget-counter.min31a4.css]
[localhost_10004/wp-content/plugins/elementor/assets/css/widget-icon-box.min31a4.css]
[localhost_10004/wp-content/plugins/elementor/assets/css/widget-social-icons.min31a4.css]
[localhost_10004/wp-content/plugins/elementor/assets/css/conditionals/apple-webkit.min31a4.css]
[localhost_10004/wp-content/cache/wpo-minify/1784242459/assets/wpo-minify-header-base-desktop1784244381.min.css]
[localhost_10004/wp-content/cache/wpo-minify/1784242459/assets/wpo-minify-header-ekit-widget-styles1784062015.min.css]
[localhost_10004/wp-content/cache/wpo-minify/1784242459/assets/wpo-minify-header-ekit-responsive1784062015.min.css]
[localhost_10004/wp-content/cache/wpo-minify/1784242459/assets/wpo-minify-header-elementor-gf-syne.min.css]
[localhost_10004/wp-content/cache/wpo-minify/1784242459/assets/wpo-minify-header-elementor-gf-cutefont.min.css]
[localhost_10004/wp-content/cache/wpo-minify/1784242459/assets/wpo-minify-header-elementor-gf-rethinksans.min.css]
[localhost_10004/wp-content/cache/wpo-minify/1784242459/assets/wpo-minify-header-elementor-gf-figtree.min.css]
[localhost_10004/wp-content/cache/wpo-minify/1784242459/assets/wpo-minify-header-elementor-icons-ekiticons1784062014.min.css]
[localhost_10004/wp-content/uploads/fonts/ClashDisplay-Bold.woff2]
[localhost_10004/wp-content/uploads/fonts/ClashDisplay-Extralight.woff2]
[localhost_10004/wp-content/uploads/fonts/ClashDisplay-Light.woff2]
[localhost_10004/wp-content/uploads/fonts/ClashDisplay-Semibold.woff2]
[localhost_10004/wp-json/wp/v2/pages/6.json]
[localhost_10004/wp-content/uploads/fonts/ClashDisplay-Variable.woff2]
[localhost_10004/wp-content/uploads/2026/07/Logo-2.png]
[localhost_10004/my-contact-page/index.html]
[cdnjs.cloudflare.com/ajax/libs/gsap/3.12.5/gsap.min.js]
[localhost_10004/wp-content/uploads/2026/06/pexels-jakubzerdzicki-26743048-1024x683.jpg]
[unpkg.com/@lottiefiles/dotlottie-wc@0.9.14/dist/dotlottie-wc.js]
[localhost_10004/wp-content/uploads/2026/06/pexels-yankrukov-7691707-scaled.jpg]
[localhost_10004/wp-content/uploads/2026/06/pexels-alphatradezone-5833273-scaled.jpg]
[localhost_10004/wp-content/uploads/2026/06/pexels-mikael-blomkvist-6476260-scaled.jpg]
[localhost_10004/wp-content/uploads/2026/06/pexels-jakubzerdzicki-34518920-scaled.jpg]
[localhost_10004/wp-content/uploads/2026/06/pexels-mikael-blomkvist-6476245-scaled.jpg]
[localhost_10004/wp-content/uploads/2026/06/pexels-alesiakozik-6772076-scaled.jpg]
[localhost_10004/wp-content/uploads/2026/06/pexels-walls-io-440716388-15635398-scaled.jpg]
[localhost_10004/wp-content/uploads/2026/06/pexels-canvastudio-3194521-scaled.jpg]
[localhost_10004/wp-content/uploads/2026/06/merakist-jyoSxjUE22g-unsplash-1024x768.jpg]
[localhost_10004/wp-content/uploads/2026/06/pexels-alphatradezone-5833273-1024x683.jpg]
[localhost_10004/wp-content/uploads/2026/06/pexels-tima-miroshnichenko-7567443-1024x683.jpg]
[localhost_10004/wp-content/uploads/2026/07/10818-1-1024x1024.jpg]
[localhost_10004/wp-content/uploads/2026/07/social-media-concept-with-device-1-1024x585.jpg]
[cdnjs.cloudflare.com/ajax/libs/three.js/0.160.0/three.min.js]
[localhost_10004/wp-content/uploads/2026/07/business_web_banner_08-1-1024x691.jpg]
[localhost_10004/wp-content/uploads/2026/07/harsh-kumar-C-QpKsEzkAE-unsplash-1024x576.jpg]
[cdn.jsdelivr.net/npm/gsap@3.14.1/dist/ScrollTrigger.min.js]
[cdn.jsdelivr.net/npm/gsap@3.14.1/dist/gsap.min.js]
[localhost_10004/wp-content/uploads/2026/06/pexels-mikael-blomkvist-6476260-1024x683.jpg]
[localhost_10004/wp-content/uploads/2026/06/top-view-office-desk-with-growth-chart-analyzed-with-magnifying-glass-1024x683.jpg]
[cdnjs.cloudflare.com/ajax/libs/gsap/3.13.0/Draggable.min.js]
[localhost_10004/single-sevices-page/index.html]
[localhost_10004/wp-content/uploads/2026/06/content_marketing_2-1024x576.jpg]
[cdnjs.cloudflare.com/ajax/libs/gsap/3.13.0/CustomEase.min.js]
[cdnjs.cloudflare.com/ajax/libs/gsap/3.13.0/gsap.min.js]
[cdnjs.cloudflare.com/ajax/libs/gsap/3.13.0/ScrollTrigger.min.js]
[localhost_10004/wp-content/uploads/2026/06/pexels-tiger-lily-7108759-1024x683.jpg]
[localhost_10004/wp-content/uploads/2026/06/pexels-cedric-fauntleroy-8154349-1024x683.jpg]
[cdnjs.cloudflare.com/ajax/libs/gsap/3.12.5/ScrollTrigger.min.js]
[localhost_10004/wp-content/uploads/2026/06/pexels-canvastudio-3194519-683x1024.jpg]
[localhost_10004/wp-content/uploads/2026/06/Rectangle-565492-5-1024x682.webp]
[localhost_10004/wp-content/themes/astra/assets/css/minified/galleries.min3593.css]
[localhost_10004/index.html]
[localhost_10004/wp-content/themes/astra/assets/css/minified/main.min3593.css]
[localhost_10004/wp-content/cache/wpo-minify/1784242459/assets/wpo-minify-header-font-awesome-5-all1784215328.min.css]
[localhost_10004/wp-content/cache/wpo-minify/1784242459/assets/wpo-minify-header-font-awesome-4-shim1784215328.min.css]
[localhost_10004/wp-content/cache/wpo-minify/1784242459/assets/wpo-minify-header-cute-alert1783886151.min.css]
[localhost_10004/wp-content/plugins/elementor/assets/css/frontend.min31a4.css]
[localhost_10004/wp-content/uploads/2026/07/10069-scaled.jpg]
[localhost_10004/wp-content/uploads/2026/06/Firefly_Gemini-Flash.png]
[localhost_10004/wp-content/plugins/elementor/assets/css/widget-image.min31a4.css]
[localhost_10004/wp-content/plugins/elementor/assets/css/widget-heading.min31a4.css]
[localhost_10004/wp-content/plugins/elementor/assets/lib/swiper/v8/css/swiper.min94a4.css]
[localhost_10004/wp-content/plugins/elementor/assets/css/conditionals/e-swiper.min31a4.css]
[localhost_10004/wp-content/plugins/elementor/assets/css/widget-image-gallery.min31a4.css]
[localhost_10004/wp-content/plugins/elementor/assets/css/widget-spacer.min31a4.css]
[localhost_10004/wp-content/plugins/elementor/assets/css/conditionals/shapes.min31a4.css]
[localhost_10004/wp-content/plugins/elementor/assets/css/widget-icon-list.min31a4.css]
[localhost_10004/wp-content/plugins/elementor/assets/css/widget-nested-accordion.min31a4.css]
[localhost_10004/wp-content/plugins/elementor/assets/css/widget-counter.min31a4.css]
[localhost_10004/wp-content/plugins/elementor/assets/css/widget-icon-box.min31a4.css]
[localhost_10004/wp-content/plugins/elementor/assets/css/widget-social-icons.min31a4.css]
[localhost_10004/wp-content/plugins/elementor/assets/css/conditionals/apple-webkit.min31a4.css]
[localhost_10004/wp-content/cache/wpo-minify/1784242459/assets/wpo-minify-header-base-desktop1784244381.min.css]
[localhost_10004/wp-content/plugins/elementskit-lite/widgets/init/assets/img/arrow.png]
[localhost_10004/wp-content/cache/wpo-minify/1784242459/assets/wpo-minify-header-ekit-widget-styles1784062015.min.css]
[localhost_10004/wp-content/cache/wpo-minify/1784242459/assets/wpo-minify-header-ekit-responsive1784062015.min.css]
[localhost_10004/wp-content/cache/wpo-minify/1784242459/assets/wpo-minify-header-elementor-gf-syne.min.css]
[localhost_10004/wp-content/cache/wpo-minify/1784242459/assets/wpo-minify-header-elementor-gf-cutefont.min.css]
[localhost_10004/wp-content/cache/wpo-minify/1784242459/assets/wpo-minify-header-elementor-gf-rethinksans.min.css]
[localhost_10004/wp-content/cache/wpo-minify/1784242459/assets/wpo-minify-header-elementor-gf-figtree.min.css]
[localhost_10004/wp-content/plugins/elementskit-lite/modules/elementskit-icon-pack/assets/fonts/elementskit.woff]
[localhost_10004/wp-content/plugins/elementor/assets/lib/font-awesome/webfonts/fa-brands-400.eot]
[localhost_10004/wp-content/cache/wpo-minify/1784242459/assets/wpo-minify-header-elementor-icons-ekiticons1784062014.min.css]
[localhost_10004/wp-includes/js/jquery/jquery.minf43b.js]
[localhost_10004/wp-includes/js/jquery/jquery-migrate.min5589.js]
[localhost_10004/wp-content/plugins/elementor/assets/lib/font-awesome/js/v4-shims.min31a4.js]
[localhost_10004/Trident/index.html]
[localhost_10004/wp-json/index.html]
[localhost_10004/wp-content/uploads/fonts/Futura-Bold.ttf]
[localhost_10004/wp-json/oembed/1.0/embed32d9.json]
[localhost_10004/wp-json/oembed/1.0/embed306f]
[localhost_10004/wp-content/cache/wpo-minify/1784242459/assets/wpo-minify-header-metform-ui1783886151.min.css]
[localhost_10004/wp-content/cache/wpo-minify/1784242459/assets/wpo-minify-header-metform-style1783886151.min.css]
[localhost_10004/wp-json/wp/v2/pages/4123.json]
[localhost_10004/my-contact-page/index.html]
[localhost_10004/wp-content/uploads/2026/06/pexels-canvastudio-3194519-scaled.jpg]
[localhost_10004/pricing-page/index.html]
[localhost_10004/wp-content/uploads/2026/06/pexels-olia-danilevich-8145328-1024x683.jpg]
[localhost_10004/wp-content/uploads/2026/07/hand-pressing-envelope-that-is-sent-world-1-1024x668.jpg]
[localhost_10004/wp-content/uploads/2026/07/professional-editor-uses-ai-powered-software-pc-reels-creative-office-1-1024x576.jpg]
[localhost_10004/wp-json/oembed/1.0/embeda551.json]
[localhost_10004/wp-json/oembed/1.0/embede066]
[localhost_10004/wp-content/plugins/elementor/assets/css/widget-divider.min31a4.css]
[localhost_10004/wp-json/wp/v2/pages/3584.json]
[localhost_10004/single-sevices-page/index.html]
[localhost_10004/wp-content/cache/wpo-minify/1784242459/assets/wpo-minify-footer-elementor-icons-ekiticons1784062014.min.css]
[localhost_10004/wp-content/uploads/2026/07/start-up-business-opportunity-development-success-concept-1024x684.jpg]
[localhost_10004/wp-content/themes/astra/assets/css/minified/galleries.min3593.css]
[localhost_10004/wp-includes/js/jquery/ui/core.minb37e.js]
[localhost_10004/wp-content/themes/astra/assets/js/minified/frontend.min3593.js]
[localhost_10004/wp-content/cache/wpo-minify/1784242459/assets/wpo-minify-footer-ekit-widget-scripts1784062015.min.js]
[localhost_10004/cute-alert.js]
[localhost_10004/${i}/img/${e}.svg]
[localhost_10004/wp-content/cache/wpo-minify/1784242459/assets/wpo-minify-footer-cute-alert1783886151.min.js]
[localhost_10004/wp-content/plugins/elementor/assets/js/webpack.runtime.min31a4.js]
[localhost_10004/wp-content/plugins/elementor/assets/js/frontend-modules.min31a4.js]
[localhost_10004/wp-content/plugins/elementor/assets/js/frontend.min31a4.js]
[localhost_10004/OPR/index.html]
[localhost_10004/l]
[localhost_10004/e]
[localhost_10004/t.params.url]
[localhost_10004/wp-content/plugins/elementor/assets/lib/swiper/v8/swiper.min94a4.js]
[localhost_10004/wp-content/plugins/elementor/assets/lib/jquery-numerator/jquery-numerator.min3958.js]
[localhost_10004/wp-content/cache/wpo-minify/1784242459/assets/wpo-minify-header-text-editor-style1783886151.min.css]
[localhost_10004/Trident/index.html]
[localhost_10004/xmlrpc0db0.php]
[localhost_10004/wp-content/cache/wpo-minify/1784242459/assets/wpo-minify-header-metform-ui1783886151.min.css]
[localhost_10004/wp-content/cache/wpo-minify/1784242459/assets/wpo-minify-header-metform-style1783886151.min.css]
[localhost_10004/wp-content/cache/wpo-minify/1784242459/assets/wpo-minify-header-local-4123-frontend-desktop1784244427.min.css]
[localhost_10004/indexb663.html]
[localhost_10004/wp-includes/js/dist/vendor/react.mine1ab.js]
[localhost_10004/wp-includes/js/dist/vendor/react-dom.mine1ab.js]
[localhost_10004/wp-includes/js/dist/escape-html.minaf01.js]
[localhost_10004/wp-includes/js/dist/element.minc5e8.js]
[localhost_10004/wp-content/cache/wpo-minify/1784242459/assets/wpo-minify-footer-metform-app1783886151.min.js]
[localhost_10004/my-contact-page/$&/index.html]
[localhost_10004/my-contact-page/blots/index.html]
[localhost_10004/my-contact-page/formats/index.html]
[localhost_10004/wp-json/oembed/1.0/embedb836.json]
[localhost_10004/wp-json/oembed/1.0/embed4f78]
[localhost_10004/wp-json/wp/v2/pages/4081.json]
[localhost_10004/wp-content/uploads/2026/07/Frame-2147226274.png]
[localhost_10004/wp-content/uploads/2026/07/Frame-2147226328.png]
[localhost_10004/pricing-page/index.html]
[localhost_10004/wp-content/plugins/elementor/assets/css/widget-divider.min31a4.css]
[localhost_10004/wp-content/cache/wpo-minify/1784242459/assets/wpo-minify-header-local-3584-frontend-desktop1784244763.min.css]
[localhost_10004/wp-content/cache/wpo-minify/1784242459/assets/wpo-minify-footer-elementor-icons-ekiticons1784062014.min.css]
[localhost_10004/cute-alert.html]
[localhost_10004/${i}/img/${e}.html]
[localhost_10004/OPR/index.html]
[localhost_10004/l.html]
[localhost_10004/e.html]
[localhost_10004/t.params.html]
[localhost_10004/wp-content/cache/wpo-minify/1784242459/assets/wpo-minify-header-text-editor-style1783886151.min.css]
[localhost_10004/wp-content/cache/wpo-minify/1784242459/assets/wpo-minify-footer-htm1783886151.min.js]
[localhost_10004/my-contact-page/$&/index.html]
[localhost_10004/my-contact-page/blots/index.html]
[localhost_10004/my-contact-page/formats/index.html]
[localhost_10004/wp-content/cache/wpo-minify/1784242459/assets/wpo-minify-footer-mf-widget-frontend1783886151.min.js]
[localhost_10004/wp-content/cache/wpo-minify/1784242459/assets/wpo-minify-header-local-4081-frontend-desktop1784244763.min.css]
[localhost_10004/indexf436.html]
[localhost_10004/wp-content/uploads/2026/07/Fictional-company-logo-5.png]
[localhost_10004/indexd1ba.html]
